2025-04-04 06:15:07.929113 - Received CBT.V508.FILE220.PDS from FILE220.XMI 
2025-04-04 06:15:07.930894 - Found $$$#DATE.txt (text/plain) in CBT.V508.FILE220.PDS, moved to PDS/$$$#DATE
2025-04-04 06:15:07.931040 - Found $$$FB80.txt (text/plain) in CBT.V508.FILE220.PDS, moved to PDS/$$$FB80
2025-04-04 06:15:07.931176 - Found $$NOTE01.eml (message/rfc822) in CBT.V508.FILE220.PDS, moved to PDS/$$NOTE01
2025-04-04 06:15:07.931297 - Found $$NOTE02.eml (message/rfc822) in CBT.V508.FILE220.PDS, moved to PDS/$$NOTE02
2025-04-04 06:15:07.931446 - Found $$README.txt (text/plain) in CBT.V508.FILE220.PDS, moved to PDS/$$README
2025-04-04 06:15:07.931560 - Found $PDSLOAD.jcl (text/plain) in CBT.V508.FILE220.PDS, moved to PDS/$PDSLOAD
2025-04-04 06:15:07.931700 - Found #NUCLKUP.rexx (text/plain) in CBT.V508.FILE220.PDS, moved to PDS/#NUCLKUP
2025-04-04 06:15:07.931843 - Found @FILE220.txt (text/plain) in CBT.V508.FILE220.PDS, moved to PDS/@FILE220
2025-04-04 06:15:07.931974 - Found @FILE221.txt (text/plain) in CBT.V508.FILE220.PDS, moved to PDS/@FILE221
2025-04-04 06:15:07.932203 - Found ADVCAATS.txt (text/plain) in CBT.V508.FILE220.PDS, moved to PDS/ADVCAATS
2025-04-04 06:15:07.932334 - Found CLEAR.txt (text/plain) in CBT.V508.FILE220.PDS, moved to PDS/CLEAR
2025-04-04 06:15:07.932463 - Found CLEAR$.jcl (text/plain) in CBT.V508.FILE220.PDS, moved to PDS/CLEAR$
2025-04-04 06:15:07.932594 - Found LISTADSP.rexx (text/plain) in CBT.V508.FILE220.PDS, moved to PDS/LISTADSP
2025-04-04 06:15:07.932741 - Found LISTAPFT.rexx (text/plain) in CBT.V508.FILE220.PDS, moved to PDS/LISTAPFT
2025-04-04 06:15:07.932925 - Found LISTAPF2.rexx (text/plain) in CBT.V508.FILE220.PDS, moved to PDS/LISTAPF2
2025-04-04 06:15:07.933045 - Found LISTCATS.rexx (text/plain) in CBT.V508.FILE220.PDS, moved to PDS/LISTCATS
2025-04-04 06:15:07.933163 - Found LISTCONS.rexx (text/plain) in CBT.V508.FILE220.PDS, moved to PDS/LISTCONS
2025-04-04 06:15:07.933300 - Found LISTDASD.rexx (text/plain) in CBT.V508.FILE220.PDS, moved to PDS/LISTDASD
2025-04-04 06:15:07.933424 - Found LISTDCQ.rexx (text/plain) in CBT.V508.FILE220.PDS, moved to PDS/LISTDCQ
2025-04-04 06:15:07.933629 - Found LISTENV.rexx (text/plain) in CBT.V508.FILE220.PDS, moved to PDS/LISTENV
2025-04-04 06:15:07.933825 - Found LISTESRT.rexx (text/plain) in CBT.V508.FILE220.PDS, moved to PDS/LISTESRT
2025-04-04 06:15:07.933945 - Found LISTLLT.rexx (text/plain) in CBT.V508.FILE220.PDS, moved to PDS/LISTLLT
2025-04-04 06:15:07.934120 - Found LISTLPAQ.rexx (text/plain) in CBT.V508.FILE220.PDS, moved to PDS/LISTLPAQ
2025-04-04 06:15:07.934242 - Found LISTLPAT.rexx (text/plain) in CBT.V508.FILE220.PDS, moved to PDS/LISTLPAT
2025-04-04 06:15:07.934378 - Found LISTNUCM.rexx (text/plain) in CBT.V508.FILE220.PDS, moved to PDS/LISTNUCM
2025-04-04 06:15:07.934498 - Found LISTPART.rexx (text/plain) in CBT.V508.FILE220.PDS, moved to PDS/LISTPART
2025-04-04 06:15:07.934620 - Found LISTPAR2.rexx (text/plain) in CBT.V508.FILE220.PDS, moved to PDS/LISTPAR2
2025-04-04 06:15:07.934744 - Found LISTPDSD.rexx (text/plain) in CBT.V508.FILE220.PDS, moved to PDS/LISTPDSD
2025-04-04 06:15:07.934869 - Found LISTPDSM.rexx (text/plain) in CBT.V508.FILE220.PDS, moved to PDS/LISTPDSM
2025-04-04 06:15:07.935040 - Found LISTPLPA.rexx (text/plain) in CBT.V508.FILE220.PDS, moved to PDS/LISTPLPA
2025-04-04 06:15:07.935158 - Found LISTSFT.rexx (text/plain) in CBT.V508.FILE220.PDS, moved to PDS/LISTSFT
2025-04-04 06:15:07.935318 - Found LISTSMAP.rexx (text/plain) in CBT.V508.FILE220.PDS, moved to PDS/LISTSMAP
2025-04-04 06:15:07.935435 - Found LISTSMF.rexx (text/plain) in CBT.V508.FILE220.PDS, moved to PDS/LISTSMF
2025-04-04 06:15:07.935558 - Found LISTSSN.rexx (text/plain) in CBT.V508.FILE220.PDS, moved to PDS/LISTSSN
2025-04-04 06:15:07.935675 - Found LISTSVCJ.rexx (text/plain) in CBT.V508.FILE220.PDS, moved to PDS/LISTSVCJ
2025-04-04 06:15:07.935857 - Found LISTSVCT.rexx (text/plain) in CBT.V508.FILE220.PDS, moved to PDS/LISTSVCT
2025-04-04 06:15:07.935994 - Found LISTTAPE.rexx (text/plain) in CBT.V508.FILE220.PDS, moved to PDS/LISTTAPE
2025-04-04 06:15:07.936151 - Found MISC.txt (text/plain) in CBT.V508.FILE220.PDS, moved to PDS/MISC
2025-04-04 06:15:07.936260 - Found NOT@OR.txt (text/plain) in CBT.V508.FILE220.PDS, moved to PDS/NOT@OR
2025-04-04 06:15:07.936381 - Found PDSLOAD.xmi (application/xmit) in CBT.V508.FILE220.PDS, moved to PDS/PDSLOAD.xmi
2025-04-04 06:15:07.941012 - Received WSBG.LOAD from PDSLOAD.xmi 
2025-04-04 06:15:07.941416 - Found PDSLOAD.bin (application/octet-stream) in WSBG.LOAD, moved to PDSLOAD/PDSLOAD
2025-04-04 06:15:07.941786 - Found REXXMEM.rexx (text/plain) in CBT.V508.FILE220.PDS, moved to PDS/REXXMEM
2025-04-04 06:15:07.941930 - Found SAS.txt (text/plain) in CBT.V508.FILE220.PDS, moved to PDS/SAS
2025-04-04 06:15:07.942052 - Found SDUMP.rexx (text/plain) in CBT.V508.FILE220.PDS, moved to PDS/SDUMP
2025-04-04 06:15:07.942172 - Found SDUMPE.rexx (text/plain) in CBT.V508.FILE220.PDS, moved to PDS/SDUMPE
2025-04-04 06:15:07.942295 - Found SDUMPG.rexx (text/plain) in CBT.V508.FILE220.PDS, moved to PDS/SDUMPG
